MPLINK 5.08, LINKER
Linker Map File - Created Wed Aug 22 15:20:26 2018

                                 Section Info
                  Section       Type    Address   Location Size(Bytes)
                ---------  ---------  ---------  ---------  ---------
                      RST       code   0x000000    program   0x000004
                   .cinit    romdata   0x000002    program   0x000004
                      isr       code   0x000004    program   0x0000aa
.config_8007_BUILD/DEFAULT/PRODUCTION/NEWPIC_       code   0x008007    program   0x000002
.config_8008_BUILD/DEFAULT/PRODUCTION/NEWPIC_       code   0x008008    program   0x000002



                              Program Memory Usage 
                               Start         End      
                           ---------   ---------      
                            0x000000    0x000058      
                            0x008007    0x008008      
            91 out of 8455 program addresses used, program memory utilization is 1%



                              Symbols - Sorted by Name
                     Name    Address   Location    Storage File                     
                ---------  ---------  ---------  --------- ---------                
                     loop   0x00003b    program     static E:\homework\LEGGO.X\newpic_8b_simple.asm
                    loop2   0x000055    program     static E:\homework\LEGGO.X\newpic_8b_simple.asm
                     main   0x00000f    program     static E:\homework\LEGGO.X\newpic_8b_simple.asm



                              Symbols - Sorted by Address
                     Name    Address   Location    Storage File                     
                ---------  ---------  ---------  --------- ---------                
                     main   0x00000f    program     static E:\homework\LEGGO.X\newpic_8b_simple.asm
                     loop   0x00003b    program     static E:\homework\LEGGO.X\newpic_8b_simple.asm
                    loop2   0x000055    program     static E:\homework\LEGGO.X\newpic_8b_simple.asm


